// Jest Snapshot v1, https://goo.gl/fbAQLP

exports[`ImageBackground Tests should match with snapshot 1`] = `[Function]`;
