// Jest Snapshot v1, https://goo.gl/fbAQLP

exports[`<OptionCard /> should match with snapshot 1`] = `
<RNGestureHandlerButton
  activeOpacity={0.105}
  collapsable={false}
  delayLongPress={600}
  handlerTag={4}
  handlerType="NativeViewGestureHandler"
  onActiveStateChange={[Function]}
  onGestureEvent={[Function]}
  onGestureHandlerEvent={[Function]}
  onGestureHandlerStateChange={[Function]}
  onHandlerStateChange={[Function]}
  style={
    {
      "alignItems": "center",
      "backgroundColor": "#F0F0F5",
      "borderRadius": 16,
      "flexDirection": "row",
      "justifyContent": "space-between",
      "paddingBottom": 16,
      "paddingLeft": 16,
      "paddingRight": 16,
      "paddingTop": 16,
      "width": "100%",
    }
  }
  underlayColor="black"
>
  <View
    collapsable={false}
    style={
      {
        "backgroundColor": "black",
        "borderBottomLeftRadius": undefined,
        "borderBottomRightRadius": undefined,
        "borderRadius": 16,
        "borderTopLeftRadius": undefined,
        "borderTopRightRadius": undefined,
        "bottom": 0,
        "left": 0,
        "opacity": 0,
        "position": "absolute",
        "right": 0,
        "top": 0,
      }
    }
  />
  <View
    style={
      [
        {
          "alignItems": "center",
          "flexDirection": "row",
        },
      ]
    }
  >
    <Text
      allowFontScaling={false}
      selectable={false}
      style={
        [
          {
            "color": undefined,
            "fontSize": 12,
          },
          [
            {
              "bottom": 3,
              "color": "#0D0D0D",
              "fontSize": 31,
              "marginRight": 16,
            },
          ],
          {
            "fontFamily": "Feather",
            "fontStyle": "normal",
            "fontWeight": "normal",
          },
          {},
        ]
      }
    >
      
    </Text>
    <Text
      style={
        [
          {
            "color": "#0D0D0D",
            "fontFamily": "Poppins_400Regular",
            "fontSize": 31,
          },
          {
            "fontSize": 31,
          },
        ]
      }
    >
      Settings
    </Text>
  </View>
  <Text
    allowFontScaling={false}
    selectable={false}
    style={
      [
        {
          "color": undefined,
          "fontSize": 12,
        },
        [
          {
            "color": "#0D0D0D",
            "fontSize": 35,
          },
        ],
        {
          "fontFamily": "Feather",
          "fontStyle": "normal",
          "fontWeight": "normal",
        },
        {},
      ]
    }
  >
    
  </Text>
</RNGestureHandlerButton>
`;
