// Jest Snapshot v1, https://goo.gl/fbAQLP

exports[`<CartTemplate /> should match with snapshot 1`] = `
<View
  style={
    [
      {
        "marginTop": 24,
        "paddingBottom": 24,
        "paddingLeft": 24,
        "paddingRight": 24,
        "paddingTop": 24,
      },
    ]
  }
>
  <RCTScrollView
    ListEmptyComponent={
      <TextButton>
        general.empty
      </TextButton>
    }
    contentContainerStyle={{}}
    data={
      [
        {
          "about": "Lorem ipsum dolor sit amet consectetur adipisicing elit. Laboriosam dolor nihil nam blanditiis nobis dignissimos qui itaque, quaerat labore beatae neque esse asperiores, corporis dolore odit quas perferendis, modi explicabo!",
          "counter": 1,
          "created_at": "2023-02-28T17:42:03.934Z",
          "energy": "120 KCal",
          "file": {
            "file_url": "http://",
          },
          "id": "1",
          "name": "Burger",
          "price": 20,
          "size": "BIG",
          "updated_at": "2023-02-28T17:42:03.934Z",
        },
        {
          "about": "Lorem ipsum dolor sit amet consectetur adipisicing elit. Laboriosam dolor nihil nam blanditiis nobis dignissimos qui itaque, quaerat labore beatae neque esse asperiores, corporis dolore odit quas perferendis, modi explicabo!",
          "counter": 2,
          "created_at": "2023-02-28T17:42:03.934Z",
          "energy": "130 KCal",
          "file": {
            "file_url": "http://",
          },
          "id": "2",
          "name": "Pizza",
          "price": 30,
          "size": "BIG",
          "updated_at": "2023-02-28T17:42:03.934Z",
        },
      ]
    }
    getItem={[Function]}
    getItemCount={[Function]}
    keyExtractor={[Function]}
    onContentSizeChange={[Function]}
    onLayout={[Function]}
    onMomentumScrollBegin={[Function]}
    onMomentumScrollEnd={[Function]}
    onScroll={[Function]}
    onScrollBeginDrag={[Function]}
    onScrollEndDrag={[Function]}
    removeClippedSubviews={false}
    renderItem={[Function]}
    scrollEventThrottle={50}
    stickyHeaderIndices={[]}
    style={
      [
        {
          "height": "90%",
        },
      ]
    }
    viewabilityConfigCallbackPairs={[]}
  >
    <View>
      <View
        onFocusCapture={[Function]}
        onLayout={[Function]}
        style={null}
      >
        <View
          style={
            [
              {
                "alignItems": "flex-start",
                "backgroundColor": "#FFFFFF",
                "borderColor": "rgba(0, 0, 0, 0.04)",
                "borderRadius": 16,
                "borderStyle": "solid",
                "borderWidth": 1,
                "flexDirection": "row",
                "marginBottom": 31,
                "paddingBottom": 24,
                "paddingLeft": 16,
                "paddingRight": 16,
                "paddingTop": 24,
                "shadowColor": "rgba(0, 0, 0, 0.12)",
                "shadowOffset": {
                  "height": 1,
                  "width": 0,
                },
                "shadowOpacity": 1,
                "shadowRadius": 8,
                "width": "100%",
              },
            ]
          }
        >
          <View
            style={
              [
                {
                  "height": 177,
                  "marginRight": 16,
                  "width": 177,
                },
              ]
            }
          >
            <Image
              onError={[Function]}
              resizeMode="cover"
              source={
                {
                  "uri": "http://",
                }
              }
              style={
                [
                  {
                    "borderRadius": 16,
                    "height": 249,
                    "width": 249,
                  },
                  {
                    "height": "100%",
                    "width": "100%",
                  },
                ]
              }
            />
            <View
              style={
                [
                  {
                    "alignItems": "center",
                    "backgroundColor": "red",
                    "borderRadius": 100,
                    "bottom": 16,
                    "height": 47,
                    "justifyContent": "center",
                    "position": "absolute",
                    "right": 16,
                    "width": 47,
                  },
                ]
              }
            >
              <Text
                fontWeight="bold"
                style={
                  [
                    {
                      "color": "#0D0D0D",
                      "fontFamily": "Poppins_700Bold",
                      "fontSize": 31,
                    },
                    {
                      "color": "#FFFFFF",
                      "fontSize": 24,
                      "lineHeight": 29,
                    },
                  ]
                }
              >
                1
              </Text>
            </View>
          </View>
          <View
            style={
              [
                {
                  "alignItems": "flex-start",
                  "flexBasis": 0,
                  "flexGrow": 1,
                  "flexShrink": 1,
                  "height": "90%",
                  "justifyContent": "space-between",
                },
              ]
            }
          >
            <Text
              fontWeight="bold"
              style={
                [
                  {
                    "color": "#0D0D0D",
                    "fontFamily": "Poppins_700Bold",
                    "fontSize": 31,
                  },
                  {
                    "fontSize": 35,
                  },
                ]
              }
            >
              Burger
            </Text>
            <Text
              fontWeight="regular"
              numberOfLines={3}
              style={
                [
                  {
                    "color": "#0D0D0D",
                    "fontFamily": "Poppins_400Regular",
                    "fontSize": 31,
                  },
                  {
                    "fontSize": 24,
                    "maxWidth": "100%",
                  },
                ]
              }
            >
              Lorem ipsum dolor sit amet consectetur adipisicing elit. Laboriosam dolor nihil nam blanditiis nobis dignissimos qui itaque, quaerat labore beatae neque esse asperiores, corporis dolore odit quas perferendis, modi explicabo!
            </Text>
            <View
              style={
                [
                  {
                    "alignItems": "center",
                    "flexDirection": "row",
                    "gap": 16,
                    "justifyContent": "flex-end",
                    "marginTop": 16,
                    "width": "100%",
                  },
                ]
              }
            >
              <Text
                style={
                  [
                    {
                      "color": "#0D0D0D",
                      "fontFamily": "Poppins_400Regular",
                      "fontSize": 31,
                    },
                    {},
                  ]
                }
              >
                $
                20.00
              </Text>
              <View
                style={
                  [
                    {
                      "alignItems": "center",
                      "flexDirection": "row",
                      "gap": 8,
                      "justifyContent": "center",
                    },
                  ]
                }
              >
                <RNGestureHandlerButton
                  activeOpacity={0.8}
                  borderless={true}
                  collapsable={false}
                  delayLongPress={600}
                  handlerTag={29}
                  handlerType="NativeViewGestureHandler"
                  onActiveStateChange={[Function]}
                  onGestureEvent={[Function]}
                  onGestureHandlerEvent={[Function]}
                  onGestureHandlerStateChange={[Function]}
                  onHandlerStateChange={[Function]}
                  onPress={[Function]}
                  style={
                    {
                      "alignItems": "center",
                      "backgroundColor": "#FE8C00",
                      "borderRadius": 31,
                      "height": 63,
                      "justifyContent": "center",
                      "opacity": 1,
                      "width": 63,
                    }
                  }
                  testID="DecrementCounterButtonID"
                >
                  <Text
                    allowFontScaling={false}
                    selectable={false}
                    style={
                      [
                        {
                          "color": undefined,
                          "fontSize": 12,
                        },
                        [
                          {
                            "color": "#FFFFFF",
                            "fontSize": 31,
                          },
                        ],
                        {
                          "fontFamily": "Feather",
                          "fontStyle": "normal",
                          "fontWeight": "normal",
                        },
                        {},
                      ]
                    }
                  >
                    ï†£
                  </Text>
                </RNGestureHandlerButton>
                <RNGestureHandlerButton
                  activeOpacity={0.8}
                  borderless={true}
                  collapsable={false}
                  delayLongPress={600}
                  handlerTag={30}
                  handlerType="NativeViewGestureHandler"
                  onActiveStateChange={[Function]}
                  onGestureEvent={[Function]}
                  onGestureHandlerEvent={[Function]}
                  onGestureHandlerStateChange={[Function]}
                  onHandlerStateChange={[Function]}
                  onPress={[Function]}
                  style={
                    {
                      "alignItems": "center",
                      "backgroundColor": "#FE8C00",
                      "borderRadius": 31,
                      "height": 63,
                      "justifyContent": "center",
                      "opacity": 1,
                      "width": 63,
                    }
                  }
                  testID="IncrementCounterButtonID"
                >
                  <Text
                    allowFontScaling={false}
                    selectable={false}
                    style={
                      [
                        {
                          "color": undefined,
                          "fontSize": 12,
                        },
                        [
                          {
                            "color": "#FFFFFF",
                            "fontSize": 31,
                          },
                        ],
                        {
                          "fontFamily": "Feather",
                          "fontStyle": "normal",
                          "fontWeight": "normal",
                        },
                        {},
                      ]
                    }
                  >
                    ï‡€
                  </Text>
                </RNGestureHandlerButton>
                <RNGestureHandlerButton
                  activeOpacity={0.8}
                  borderless={true}
                  collapsable={false}
                  color="red"
                  delayLongPress={600}
                  handlerTag={31}
                  handlerType="NativeViewGestureHandler"
                  onActiveStateChange={[Function]}
                  onGestureEvent={[Function]}
                  onGestureHandlerEvent={[Function]}
                  onGestureHandlerStateChange={[Function]}
                  onHandlerStateChange={[Function]}
                  onPress={[Function]}
                  style={
                    {
                      "alignItems": "center",
                      "backgroundColor": "red",
                      "borderRadius": 31,
                      "height": 63,
                      "justifyContent": "center",
                      "opacity": 1,
                      "width": 63,
                    }
                  }
                  testID="DeleteCartButtonID"
                >
                  <Text
                    allowFontScaling={false}
                    selectable={false}
                    style={
                      [
                        {
                          "color": undefined,
                          "fontSize": 12,
                        },
                        [
                          {
                            "color": "#FFFFFF",
                            "fontSize": 31,
                          },
                        ],
                        {
                          "fontFamily": "Feather",
                          "fontStyle": "normal",
                          "fontWeight": "normal",
                        },
                        {},
                      ]
                    }
                  >
                    ï‡´
                  </Text>
                </RNGestureHandlerButton>
              </View>
            </View>
          </View>
        </View>
      </View>
      <View
        onFocusCapture={[Function]}
        onLayout={[Function]}
        style={null}
      >
        <View
          style={
            [
              {
                "alignItems": "flex-start",
                "backgroundColor": "#FFFFFF",
                "borderColor": "rgba(0, 0, 0, 0.04)",
                "borderRadius": 16,
                "borderStyle": "solid",
                "borderWidth": 1,
                "flexDirection": "row",
                "marginBottom": 31,
                "paddingBottom": 24,
                "paddingLeft": 16,
                "paddingRight": 16,
                "paddingTop": 24,
                "shadowColor": "rgba(0, 0, 0, 0.12)",
                "shadowOffset": {
                  "height": 1,
                  "width": 0,
                },
                "shadowOpacity": 1,
                "shadowRadius": 8,
                "width": "100%",
              },
            ]
          }
        >
          <View
            style={
              [
                {
                  "height": 177,
                  "marginRight": 16,
                  "width": 177,
                },
              ]
            }
          >
            <Image
              onError={[Function]}
              resizeMode="cover"
              source={
                {
                  "uri": "http://",
                }
              }
              style={
                [
                  {
                    "borderRadius": 16,
                    "height": 249,
                    "width": 249,
                  },
                  {
                    "height": "100%",
                    "width": "100%",
                  },
                ]
              }
            />
            <View
              style={
                [
                  {
                    "alignItems": "center",
                    "backgroundColor": "red",
                    "borderRadius": 100,
                    "bottom": 16,
                    "height": 47,
                    "justifyContent": "center",
                    "position": "absolute",
                    "right": 16,
                    "width": 47,
                  },
                ]
              }
            >
              <Text
                fontWeight="bold"
                style={
                  [
                    {
                      "color": "#0D0D0D",
                      "fontFamily": "Poppins_700Bold",
                      "fontSize": 31,
                    },
                    {
                      "color": "#FFFFFF",
                      "fontSize": 24,
                      "lineHeight": 29,
                    },
                  ]
                }
              >
                2
              </Text>
            </View>
          </View>
          <View
            style={
              [
                {
                  "alignItems": "flex-start",
                  "flexBasis": 0,
                  "flexGrow": 1,
                  "flexShrink": 1,
                  "height": "90%",
                  "justifyContent": "space-between",
                },
              ]
            }
          >
            <Text
              fontWeight="bold"
              style={
                [
                  {
                    "color": "#0D0D0D",
                    "fontFamily": "Poppins_700Bold",
                    "fontSize": 31,
                  },
                  {
                    "fontSize": 35,
                  },
                ]
              }
            >
              Pizza
            </Text>
            <Text
              fontWeight="regular"
              numberOfLines={3}
              style={
                [
                  {
                    "color": "#0D0D0D",
                    "fontFamily": "Poppins_400Regular",
                    "fontSize": 31,
                  },
                  {
                    "fontSize": 24,
                    "maxWidth": "100%",
                  },
                ]
              }
            >
              Lorem ipsum dolor sit amet consectetur adipisicing elit. Laboriosam dolor nihil nam blanditiis nobis dignissimos qui itaque, quaerat labore beatae neque esse asperiores, corporis dolore odit quas perferendis, modi explicabo!
            </Text>
            <View
              style={
                [
                  {
                    "alignItems": "center",
                    "flexDirection": "row",
                    "gap": 16,
                    "justifyContent": "flex-end",
                    "marginTop": 16,
                    "width": "100%",
                  },
                ]
              }
            >
              <Text
                style={
                  [
                    {
                      "color": "#0D0D0D",
                      "fontFamily": "Poppins_400Regular",
                      "fontSize": 31,
                    },
                    {},
                  ]
                }
              >
                $
                60.00
              </Text>
              <View
                style={
                  [
                    {
                      "alignItems": "center",
                      "flexDirection": "row",
                      "gap": 8,
                      "justifyContent": "center",
                    },
                  ]
                }
              >
                <RNGestureHandlerButton
                  activeOpacity={0.8}
                  borderless={true}
                  collapsable={false}
                  delayLongPress={600}
                  handlerTag={32}
                  handlerType="NativeViewGestureHandler"
                  onActiveStateChange={[Function]}
                  onGestureEvent={[Function]}
                  onGestureHandlerEvent={[Function]}
                  onGestureHandlerStateChange={[Function]}
                  onHandlerStateChange={[Function]}
                  onPress={[Function]}
                  style={
                    {
                      "alignItems": "center",
                      "backgroundColor": "#FE8C00",
                      "borderRadius": 31,
                      "height": 63,
                      "justifyContent": "center",
                      "opacity": 1,
                      "width": 63,
                    }
                  }
                  testID="DecrementCounterButtonID"
                >
                  <Text
                    allowFontScaling={false}
                    selectable={false}
                    style={
                      [
                        {
                          "color": undefined,
                          "fontSize": 12,
                        },
                        [
                          {
                            "color": "#FFFFFF",
                            "fontSize": 31,
                          },
                        ],
                        {
                          "fontFamily": "Feather",
                          "fontStyle": "normal",
                          "fontWeight": "normal",
                        },
                        {},
                      ]
                    }
                  >
                    ï†£
                  </Text>
                </RNGestureHandlerButton>
                <RNGestureHandlerButton
                  activeOpacity={0.8}
                  borderless={true}
                  collapsable={false}
                  delayLongPress={600}
                  handlerTag={33}
                  handlerType="NativeViewGestureHandler"
                  onActiveStateChange={[Function]}
                  onGestureEvent={[Function]}
                  onGestureHandlerEvent={[Function]}
                  onGestureHandlerStateChange={[Function]}
                  onHandlerStateChange={[Function]}
                  onPress={[Function]}
                  style={
                    {
                      "alignItems": "center",
                      "backgroundColor": "#FE8C00",
                      "borderRadius": 31,
                      "height": 63,
                      "justifyContent": "center",
                      "opacity": 1,
                      "width": 63,
                    }
                  }
                  testID="IncrementCounterButtonID"
                >
                  <Text
                    allowFontScaling={false}
                    selectable={false}
                    style={
                      [
                        {
                          "color": undefined,
                          "fontSize": 12,
                        },
                        [
                          {
                            "color": "#FFFFFF",
                            "fontSize": 31,
                          },
                        ],
                        {
                          "fontFamily": "Feather",
                          "fontStyle": "normal",
                          "fontWeight": "normal",
                        },
                        {},
                      ]
                    }
                  >
                    ï‡€
                  </Text>
                </RNGestureHandlerButton>
                <RNGestureHandlerButton
                  activeOpacity={0.8}
                  borderless={true}
                  collapsable={false}
                  color="red"
                  delayLongPress={600}
                  handlerTag={34}
                  handlerType="NativeViewGestureHandler"
                  onActiveStateChange={[Function]}
                  onGestureEvent={[Function]}
                  onGestureHandlerEvent={[Function]}
                  onGestureHandlerStateChange={[Function]}
                  onHandlerStateChange={[Function]}
                  onPress={[Function]}
                  style={
                    {
                      "alignItems": "center",
                      "backgroundColor": "red",
                      "borderRadius": 31,
                      "height": 63,
                      "justifyContent": "center",
                      "opacity": 1,
                      "width": 63,
                    }
                  }
                  testID="DeleteCartButtonID"
                >
                  <Text
                    allowFontScaling={false}
                    selectable={false}
                    style={
                      [
                        {
                          "color": undefined,
                          "fontSize": 12,
                        },
                        [
                          {
                            "color": "#FFFFFF",
                            "fontSize": 31,
                          },
                        ],
                        {
                          "fontFamily": "Feather",
                          "fontStyle": "normal",
                          "fontWeight": "normal",
                        },
                        {},
                      ]
                    }
                  >
                    ï‡´
                  </Text>
                </RNGestureHandlerButton>
              </View>
            </View>
          </View>
        </View>
      </View>
    </View>
  </RCTScrollView>
  <RNGestureHandlerButton
    activeOpacity={0.105}
    collapsable={false}
    delayLongPress={600}
    handlerTag={35}
    handlerType="NativeViewGestureHandler"
    onActiveStateChange={[Function]}
    onGestureEvent={[Function]}
    onGestureHandlerEvent={[Function]}
    onGestureHandlerStateChange={[Function]}
    onHandlerStateChange={[Function]}
    onPress={
      [MockFunction] {
        "calls": [
          [],
        ],
        "results": [
          {
            "type": "return",
            "value": undefined,
          },
        ],
      }
    }
    style={
      {
        "alignItems": "center",
        "backgroundColor": "#FE8C00",
        "borderRadius": 16,
        "justifyContent": "center",
        "marginTop": 16,
        "paddingBottom": 31,
        "paddingLeft": 31,
        "paddingRight": 31,
        "paddingTop": 31,
        "width": "100%",
      }
    }
    testID="ButtonTestID"
    underlayColor="black"
  >
    <View
      collapsable={false}
      style={
        {
          "backgroundColor": "black",
          "borderBottomLeftRadius": undefined,
          "borderBottomRightRadius": undefined,
          "borderRadius": 16,
          "borderTopLeftRadius": undefined,
          "borderTopRightRadius": undefined,
          "bottom": 0,
          "left": 0,
          "opacity": 0,
          "position": "absolute",
          "right": 0,
          "top": 0,
        }
      }
    />
    <Text
      style={
        [
          {
            "color": "#0D0D0D",
            "fontFamily": "Poppins_400Regular",
            "fontSize": 31,
          },
          {
            "color": "#FFFFFF",
          },
        ]
      }
    >
      cart.submit
    </Text>
  </RNGestureHandlerButton>
</View>
`;
