// Jest Snapshot v1, https://goo.gl/fbAQLP

exports[`<NutritionCard /> tests should be able to match with the snapshot 1`] = `
<View
  style={
    [
      {
        "borderColor": "#FE8C00",
        "borderRadius": 20,
        "borderStyle": "solid",
        "borderWidth": 1,
        "minWidth": 177,
        "paddingBottom": 16,
        "paddingLeft": 16,
        "paddingRight": 16,
        "paddingTop": 16,
      },
    ]
  }
>
  <Text
    fontWeight="medium"
    style={
      [
        {
          "color": "#0D0D0D",
          "fontFamily": "Poppins_500Medium",
          "fontSize": 31,
        },
        {
          "color": "#FE8C00",
          "fontSize": 27,
          "marginBottom": 16,
        },
      ]
    }
  >
    Energy
  </Text>
  <Text
    fontWeight="medium"
    style={
      [
        {
          "color": "#0D0D0D",
          "fontFamily": "Poppins_500Medium",
          "fontSize": 31,
        },
        {
          "color": "#0D0D0D",
          "fontSize": 31,
        },
      ]
    }
  >
    Kcal
  </Text>
</View>
`;
