// Jest Snapshot v1, https://goo.gl/fbAQLP

exports[`<OptionList /> should match with snapshot 1`] = `
<RCTScrollView
  ItemSeparatorComponent={[Function]}
  data={
    [
      {
        "icon": "map-pin",
        "name": "Location",
      },
      {
        "icon": "user",
        "name": "Profile",
      },
      {
        "icon": "settings",
        "name": "Settings",
      },
    ]
  }
  getItem={[Function]}
  getItemCount={[Function]}
  keyExtractor={[Function]}
  onContentSizeChange={[Function]}
  onLayout={[Function]}
  onMomentumScrollBegin={[Function]}
  onMomentumScrollEnd={[Function]}
  onScroll={[Function]}
  onScrollBeginDrag={[Function]}
  onScrollEndDrag={[Function]}
  removeClippedSubviews={false}
  renderItem={[Function]}
  scrollEventThrottle={50}
  stickyHeaderIndices={[]}
  style={
    [
      {
        "width": "100%",
      },
    ]
  }
  viewabilityConfigCallbackPairs={[]}
>
  <View>
    <View
      onFocusCapture={[Function]}
      onLayout={[Function]}
      style={null}
    >
      <RNGestureHandlerButton
        activeOpacity={0.105}
        collapsable={false}
        delayLongPress={600}
        handlerTag={7}
        handlerType="NativeViewGestureHandler"
        onActiveStateChange={[Function]}
        onGestureEvent={[Function]}
        onGestureHandlerEvent={[Function]}
        onGestureHandlerStateChange={[Function]}
        onHandlerStateChange={[Function]}
        style={
          {
            "alignItems": "center",
            "backgroundColor": "#F0F0F5",
            "borderRadius": 16,
            "flexDirection": "row",
            "justifyContent": "space-between",
            "paddingBottom": 16,
            "paddingLeft": 16,
            "paddingRight": 16,
            "paddingTop": 16,
            "width": "100%",
          }
        }
        underlayColor="black"
      >
        <View
          collapsable={false}
          style={
            {
              "backgroundColor": "black",
              "borderBottomLeftRadius": undefined,
              "borderBottomRightRadius": undefined,
              "borderRadius": 16,
              "borderTopLeftRadius": undefined,
              "borderTopRightRadius": undefined,
              "bottom": 0,
              "left": 0,
              "opacity": 0,
              "position": "absolute",
              "right": 0,
              "top": 0,
            }
          }
        />
        <View
          style={
            [
              {
                "alignItems": "center",
                "flexDirection": "row",
              },
            ]
          }
        >
          <Text
            allowFontScaling={false}
            selectable={false}
            style={
              [
                {
                  "color": undefined,
                  "fontSize": 12,
                },
                [
                  {
                    "bottom": 3,
                    "color": "#0D0D0D",
                    "fontSize": 31,
                    "marginRight": 16,
                  },
                ],
                {
                  "fontFamily": "Feather",
                  "fontStyle": "normal",
                  "fontWeight": "normal",
                },
                {},
              ]
            }
          >
            
          </Text>
          <Text
            style={
              [
                {
                  "color": "#0D0D0D",
                  "fontFamily": "Poppins_400Regular",
                  "fontSize": 31,
                },
                {
                  "fontSize": 31,
                },
              ]
            }
          >
            Location
          </Text>
        </View>
        <Text
          allowFontScaling={false}
          selectable={false}
          style={
            [
              {
                "color": undefined,
                "fontSize": 12,
              },
              [
                {
                  "color": "#0D0D0D",
                  "fontSize": 35,
                },
              ],
              {
                "fontFamily": "Feather",
                "fontStyle": "normal",
                "fontWeight": "normal",
              },
              {},
            ]
          }
        >
          
        </Text>
      </RNGestureHandlerButton>
      <View
        style={
          [
            {
              "marginTop": 16,
            },
          ]
        }
      />
    </View>
    <View
      onFocusCapture={[Function]}
      onLayout={[Function]}
      style={null}
    >
      <RNGestureHandlerButton
        activeOpacity={0.105}
        collapsable={false}
        delayLongPress={600}
        handlerTag={8}
        handlerType="NativeViewGestureHandler"
        onActiveStateChange={[Function]}
        onGestureEvent={[Function]}
        onGestureHandlerEvent={[Function]}
        onGestureHandlerStateChange={[Function]}
        onHandlerStateChange={[Function]}
        style={
          {
            "alignItems": "center",
            "backgroundColor": "#F0F0F5",
            "borderRadius": 16,
            "flexDirection": "row",
            "justifyContent": "space-between",
            "paddingBottom": 16,
            "paddingLeft": 16,
            "paddingRight": 16,
            "paddingTop": 16,
            "width": "100%",
          }
        }
        underlayColor="black"
      >
        <View
          collapsable={false}
          style={
            {
              "backgroundColor": "black",
              "borderBottomLeftRadius": undefined,
              "borderBottomRightRadius": undefined,
              "borderRadius": 16,
              "borderTopLeftRadius": undefined,
              "borderTopRightRadius": undefined,
              "bottom": 0,
              "left": 0,
              "opacity": 0,
              "position": "absolute",
              "right": 0,
              "top": 0,
            }
          }
        />
        <View
          style={
            [
              {
                "alignItems": "center",
                "flexDirection": "row",
              },
            ]
          }
        >
          <Text
            allowFontScaling={false}
            selectable={false}
            style={
              [
                {
                  "color": undefined,
                  "fontSize": 12,
                },
                [
                  {
                    "bottom": 3,
                    "color": "#0D0D0D",
                    "fontSize": 31,
                    "marginRight": 16,
                  },
                ],
                {
                  "fontFamily": "Feather",
                  "fontStyle": "normal",
                  "fontWeight": "normal",
                },
                {},
              ]
            }
          >
            
          </Text>
          <Text
            style={
              [
                {
                  "color": "#0D0D0D",
                  "fontFamily": "Poppins_400Regular",
                  "fontSize": 31,
                },
                {
                  "fontSize": 31,
                },
              ]
            }
          >
            Profile
          </Text>
        </View>
        <Text
          allowFontScaling={false}
          selectable={false}
          style={
            [
              {
                "color": undefined,
                "fontSize": 12,
              },
              [
                {
                  "color": "#0D0D0D",
                  "fontSize": 35,
                },
              ],
              {
                "fontFamily": "Feather",
                "fontStyle": "normal",
                "fontWeight": "normal",
              },
              {},
            ]
          }
        >
          
        </Text>
      </RNGestureHandlerButton>
      <View
        style={
          [
            {
              "marginTop": 16,
            },
          ]
        }
      />
    </View>
    <View
      onFocusCapture={[Function]}
      onLayout={[Function]}
      style={null}
    >
      <RNGestureHandlerButton
        activeOpacity={0.105}
        collapsable={false}
        delayLongPress={600}
        handlerTag={9}
        handlerType="NativeViewGestureHandler"
        onActiveStateChange={[Function]}
        onGestureEvent={[Function]}
        onGestureHandlerEvent={[Function]}
        onGestureHandlerStateChange={[Function]}
        onHandlerStateChange={[Function]}
        style={
          {
            "alignItems": "center",
            "backgroundColor": "#F0F0F5",
            "borderRadius": 16,
            "flexDirection": "row",
            "justifyContent": "space-between",
            "paddingBottom": 16,
            "paddingLeft": 16,
            "paddingRight": 16,
            "paddingTop": 16,
            "width": "100%",
          }
        }
        underlayColor="black"
      >
        <View
          collapsable={false}
          style={
            {
              "backgroundColor": "black",
              "borderBottomLeftRadius": undefined,
              "borderBottomRightRadius": undefined,
              "borderRadius": 16,
              "borderTopLeftRadius": undefined,
              "borderTopRightRadius": undefined,
              "bottom": 0,
              "left": 0,
              "opacity": 0,
              "position": "absolute",
              "right": 0,
              "top": 0,
            }
          }
        />
        <View
          style={
            [
              {
                "alignItems": "center",
                "flexDirection": "row",
              },
            ]
          }
        >
          <Text
            allowFontScaling={false}
            selectable={false}
            style={
              [
                {
                  "color": undefined,
                  "fontSize": 12,
                },
                [
                  {
                    "bottom": 3,
                    "color": "#0D0D0D",
                    "fontSize": 31,
                    "marginRight": 16,
                  },
                ],
                {
                  "fontFamily": "Feather",
                  "fontStyle": "normal",
                  "fontWeight": "normal",
                },
                {},
              ]
            }
          >
            
          </Text>
          <Text
            style={
              [
                {
                  "color": "#0D0D0D",
                  "fontFamily": "Poppins_400Regular",
                  "fontSize": 31,
                },
                {
                  "fontSize": 31,
                },
              ]
            }
          >
            Settings
          </Text>
        </View>
        <Text
          allowFontScaling={false}
          selectable={false}
          style={
            [
              {
                "color": undefined,
                "fontSize": 12,
              },
              [
                {
                  "color": "#0D0D0D",
                  "fontSize": 35,
                },
              ],
              {
                "fontFamily": "Feather",
                "fontStyle": "normal",
                "fontWeight": "normal",
              },
              {},
            ]
          }
        >
          
        </Text>
      </RNGestureHandlerButton>
    </View>
  </View>
</RCTScrollView>
`;
