// Jest Snapshot v1, https://goo.gl/fbAQLP

exports[`OnboardingChef Tests should match with snapshot 1`] = `
<View
  accessibilityIgnoresInvertColors={true}
  style={
    [
      {
        "alignItems": "center",
        "height": "100%",
        "justifyContent": "flex-end",
        "width": "100%",
      },
    ]
  }
>
  <Image
    source={
      {
        "testUri": "../../../src/assets/chef.png",
      }
    }
    style={
      [
        {
          "bottom": 0,
          "left": 0,
          "position": "absolute",
          "right": 0,
          "top": 0,
        },
        {
          "height": "100%",
          "width": "100%",
        },
        undefined,
      ]
    }
  />
  <View
    style={
      [
        {
          "alignItems": "center",
          "backgroundColor": "#FE8C00",
          "borderRadius": 59,
          "justifyContent": "center",
          "marginBottom": 61,
          "marginLeft": 80,
          "marginRight": 80,
          "marginTop": 0,
          "paddingBottom": 39,
          "paddingLeft": 39,
          "paddingRight": 39,
          "paddingTop": 39,
        },
      ]
    }
  >
    <Text
      style={
        [
          {
            "color": "#0D0D0D",
            "fontFamily": "Poppins_400Regular",
            "fontSize": 31,
          },
          {
            "color": "#FFFFFF",
            "fontFamily": "Poppins_600SemiBold",
            "fontSize": 63,
            "lineHeight": 75,
            "textAlign": "center",
          },
        ]
      }
    >
      Title
    </Text>
    <Text
      style={
        [
          {
            "color": "#0D0D0D",
            "fontFamily": "Poppins_400Regular",
            "fontSize": 31,
          },
          {
            "color": "#FFFFFF",
            "fontFamily": "Poppins_400Regular",
            "fontSize": 27,
            "lineHeight": 41,
            "marginBottom": 69,
            "marginLeft": 0,
            "marginRight": 0,
            "marginTop": 20,
            "textAlign": "center",
          },
        ]
      }
    >
      Description
    </Text>
    <View
      accessibilityState={
        {
          "busy": undefined,
          "checked": undefined,
          "disabled": undefined,
          "expanded": undefined,
          "selected": undefined,
        }
      }
      accessibilityValue={
        {
          "max": undefined,
          "min": undefined,
          "now": undefined,
          "text": undefined,
        }
      }
      accessible={true}
      collapsable={false}
      focusable={true}
      onClick={[Function]}
      onResponderGrant={[Function]}
      onResponderMove={[Function]}
      onResponderRelease={[Function]}
      onResponderTerminate={[Function]}
      onResponderTerminationRequest={[Function]}
      onStartShouldSetResponder={[Function]}
      style={
        {
          "alignItems": "center",
          "backgroundColor": "#FFFFFF",
          "borderRadius": 92,
          "height": 184,
          "justifyContent": "center",
          "opacity": 1,
          "width": 184,
        }
      }
      testID="ArrowButtonID"
    >
      <Text
        allowFontScaling={false}
        selectable={false}
        style={
          [
            {
              "color": undefined,
              "fontSize": 12,
            },
            [
              {
                "color": "#FE8C00",
                "fontSize": 71,
              },
            ],
            {
              "fontFamily": "Feather",
              "fontStyle": "normal",
              "fontWeight": "normal",
            },
            {},
          ]
        }
      >
        ï„’
      </Text>
    </View>
  </View>
</View>
`;
